// Jest Snapshot v1, https://goo.gl/fbAQLP

exports[`button should have the correct style 1`] = `
<div>
  <input
    class="input"
  />
</div>
`;
